D:\Program Files\Electronic Arts\Crytek\Crysis\Game\Sounds\MG42\shootMG42_rapid_1p.wav, mindistance=1, maxdistance=10000, defvol=255, defpan=128, defpri=128, varfreq=0, varvol=0, varpan=0, fsound_2d
D:\Program Files\Electronic Arts\Crytek\Crysis\Game\Sounds\MG42\shootMG42_rapid_3p.wav, mindistance=1, maxdistance=10000, defvol=255, defpan=128, defpri=128, varfreq=0, varvol=0, varpan=0, fsound_2d
D:\Program Files\Electronic Arts\Crytek\Crysis\Game\Sounds\MG42\shootMG42_single_1p.wav, mindistance=1, maxdistance=10000, defvol=255, defpan=128, defpri=128, varfreq=0, varvol=0, varpan=0, fsound_2d
D:\Program Files\Electronic Arts\Crytek\Crysis\Game\Sounds\MG42\reloadMG42_1p.wav, mindistance=1, maxdistance=10000, defvol=255, defpan=128, defpri=128, varfreq=0, varvol=0, varpan=0, fsound_2d
D:\Program Files\Electronic Arts\Crytek\Crysis\Game\Sounds\MG42\shootMG42_single_3p.wav, mindistance=1, maxdistance=10000, defvol=255, defpan=128, defpri=128, varfreq=0, varvol=0, varpan=0, fsound_2d
D:\Program Files\Electronic Arts\Crytek\Crysis\Game\Sounds\MG42\reloadMG42_3p.wav, mindistance=1, maxdistance=10000, defvol=255, defpan=128, defpri=128, varfreq=0, varvol=0, varpan=0, fsound_2d
