D:\Electronic Arts\Crytec\Crysis\Game\Sounds\mp40\mp40_rapid.wav, mindistance=1, maxdistance=10000, defvol=255, defpan=128, defpri=128, varfreq=0, varvol=0, varpan=0, fsound_2d
D:\Electronic Arts\Crytec\Crysis\Game\Sounds\mp40\mp40_spin_down.wav, mindistance=1, maxdistance=10000, defvol=255, defpan=128, defpri=128, varfreq=0, varvol=0, varpan=0, fsound_2d
D:\Electronic Arts\Crytec\Crysis\Game\Sounds\mp40\select.wav, mindistance=1, maxdistance=10000, defvol=255, defpan=128, defpri=128, varfreq=0, varvol=0, varpan=0, fsound_2d
D:\Electronic Arts\Crytec\Crysis\Game\Sounds\mp40\reload_chamberempty.wav, mindistance=1, maxdistance=10000, defvol=255, defpan=128, defpri=128, varfreq=0, varvol=0, varpan=0, fsound_2d
D:\Electronic Arts\Crytec\Crysis\Game\Sounds\mp40\reload_chamber_full.wav, mindistance=1, maxdistance=10000, defvol=255, defpan=128, defpri=128, varfreq=0, varvol=0, varpan=0, fsound_2d
D:\Electronic Arts\Crytec\Crysis\Game\Sounds\mp40\melee.wav, mindistance=1, maxdistance=10000, defvol=255, defpan=128, defpri=128, varfreq=0, varvol=0, varpan=0, fsound_2d
D:\Electronic Arts\Crytec\Crysis\Game\Sounds\mp40\tail.wav, mindistance=1, maxdistance=10000, defvol=255, defpan=128, defpri=128, varfreq=0, varvol=0, varpan=0, fsound_2d
D:\Electronic Arts\Crytec\Crysis\Game\Sounds\mp40\fire_silenced.wav, mindistance=1, maxdistance=10000, defvol=255, defpan=128, defpri=128, varfreq=0, varvol=0, varpan=0, fsound_2d
D:\Electronic Arts\Crytec\Crysis\Game\Sounds\mp40\raise.wav, mindistance=1, maxdistance=10000, defvol=255, defpan=128, defpri=128, varfreq=0, varvol=0, varpan=0, fsound_2d
