D:\Electronic Arts\Crytec\Crysis\Game\Sounds\fire.wav, mindistance=1, maxdistance=10000, defvol=255, defpan=128, defpri=128, varfreq=0, varvol=0, varpan=0, fsound_2d
D:\Electronic Arts\Crytec\Crysis\Game\Sounds\select.WAV, mindistance=1, maxdistance=10000, defvol=255, defpan=128, defpri=128, varfreq=0, varvol=0, varpan=0, fsound_2d
D:\Electronic Arts\Crytec\Crysis\Game\Sounds\reload_empty.wav, mindistance=1, maxdistance=10000, defvol=255, defpan=128, defpri=128, varfreq=0, varvol=0, varpan=0, fsound_2d
D:\Electronic Arts\Crytec\Crysis\Game\Sounds\reload_full.wav, mindistance=1, maxdistance=10000, defvol=255, defpan=128, defpri=128, varfreq=0, varvol=0, varpan=0, fsound_2d
D:\Electronic Arts\Crytec\Crysis\Game\Sounds\dryfire.wav, mindistance=1, maxdistance=10000, defvol=255, defpan=128, defpri=128, varfreq=0, varvol=0, varpan=0, fsound_2d
D:\Electronic Arts\Crytec\Crysis\Game\Sounds\melee.wav, mindistance=1, maxdistance=10000, defvol=255, defpan=128, defpri=128, varfreq=0, varvol=0, varpan=0, fsound_2d
D:\Electronic Arts\Crytec\Crysis\Game\Sounds\raise.wav, mindistance=1, maxdistance=10000, defvol=255, defpan=128, defpri=128, varfreq=0, varvol=0, varpan=0, fsound_2d
D:\Electronic Arts\Crytec\Crysis\Game\Sounds\lover.wav, mindistance=1, maxdistance=10000, defvol=255, defpan=128, defpri=128, varfreq=0, varvol=0, varpan=0, fsound_2d
