D:\Electronic Arts\Crytec\Crysis\Game\Sounds\p38\fire.wav, mindistance=1, maxdistance=10000, defvol=255, defpan=128, defpri=128, varfreq=0, varvol=0, varpan=0, fsound_2d
D:\Electronic Arts\Crytec\Crysis\Game\Sounds\p38\fire_silenced.wav, mindistance=1, maxdistance=10000, defvol=255, defpan=128, defpri=128, varfreq=0, varvol=0, varpan=0, fsound_2d
D:\Electronic Arts\Crytec\Crysis\Game\Sounds\p38\select.WAV, mindistance=1, maxdistance=10000, defvol=255, defpan=128, defpri=128, varfreq=0, varvol=0, varpan=0, fsound_2d
D:\Electronic Arts\Crytec\Crysis\Game\Sounds\p38\firemode.wav, mindistance=1, maxdistance=10000, defvol=255, defpan=128, defpri=128, varfreq=0, varvol=0, varpan=0, fsound_2d
D:\Electronic Arts\Crytec\Crysis\Game\Sounds\p38\raise.wav, mindistance=1, maxdistance=10000, defvol=255, defpan=128, defpri=128, varfreq=0, varvol=0, varpan=0, fsound_2d
D:\Electronic Arts\Crytec\Crysis\Game\Sounds\p38\lover.wav, mindistance=1, maxdistance=10000, defvol=255, defpan=128, defpri=128, varfreq=0, varvol=0, varpan=0, fsound_2d
D:\Electronic Arts\Crytec\Crysis\Game\Sounds\p38\reload_full.wav, mindistance=1, maxdistance=10000, defvol=255, defpan=128, defpri=128, varfreq=0, varvol=0, varpan=0, fsound_2d
D:\Electronic Arts\Crytec\Crysis\Game\Sounds\p38\reload_empty.wav, mindistance=1, maxdistance=10000, defvol=255, defpan=128, defpri=128, varfreq=0, varvol=0, varpan=0, fsound_2d
D:\Electronic Arts\Crytec\Crysis\Game\Sounds\p38\dryfire.wav, mindistance=1, maxdistance=10000, defvol=255, defpan=128, defpri=128, varfreq=0, varvol=0, varpan=0, fsound_2d
